Listing tests:
  REQ-1-1-1.spec.ts:6:5 › REQ-1-1-1: home entry, saved address and later browser session identify the same workbook
  REQ-1-2-1.spec.ts:6:5 › REQ-1-2-1: create opens exactly one blank Sheet1 with A1 selected and persists
  REQ-1-2-2.spec.ts:6:5 › REQ-1-2-2: trim and save workbook name updates editor and home entry
  REQ-1-2-2.spec.ts:16:5 › REQ-1-2-2: empty workbook name rejects without changing persisted name
  REQ-1-3-1.spec.ts:6:5 › REQ-1-3-1: CSV import preserves every ordered field, Unicode, quotes and embedded newline
  REQ-1-3-1.spec.ts:15:5 › REQ-1-3-1: unclosed CSV quote leaves no partial workbook
  REQ-1-3-2.spec.ts:6:5 › REQ-1-3-2: export imported plain CSV preserves ordered escaping and active worksheet
  REQ-2-1-1.spec.ts:6:5 › REQ-2-1-1: append blank worksheets in order and activate each new A1
  REQ-2-1-1.spec.ts:13:5 › REQ-2-1-1: context REQ-2-1-3: rename sheet trims and persists; duplicate and empty names preserve original
  REQ-2-1-2.spec.ts:6:5 › REQ-2-1-2: switch restores each sheet formula and selected cell and last active sheet
  REQ-2-1-2.spec.ts:15:5 › REQ-2-1-2: context REQ-1-3-2: export reads only active worksheet and preserves selection and original formulas
  REQ-2-1-2.spec.ts:23:5 › REQ-2-1-2: context REQ-2-1-1: new sheet chooses first unused name and isolates previous data
  REQ-2-1-2.spec.ts:31:5 › REQ-2-1-2: context REQ-2-1-1: new sheet does not inherit filters or dropdown/numeric validation and preserves source state
  REQ-2-1-2.spec.ts:40:5 › REQ-2-1-2: context REQ-2-2-1: deleting populated row removes only the target and shifts all surviving record fields
  REQ-2-1-2.spec.ts:47:5 › REQ-2-1-2: context REQ-2-2-2: deleting populated column removes only the target and shifts all surviving record fields
  REQ-2-1-2.spec.ts:54:5 › REQ-2-1-2: context REQ-3-1-3: complete rectangle replaces and persists exact selected ARIA cells independently per sheet
  REQ-2-1-2.spec.ts:62:5 › REQ-2-1-2: context REQ-4-2-1: row and column movement recalculates direct/transitive formulas without changing another sheet
  REQ-2-1-3.spec.ts:6:5 › REQ-2-1-3: single worksheet rename rejects empty input then trims and persists
  REQ-2-1-4.spec.ts:6:5 › REQ-2-1-4: delete confirms target and keeps last worksheet safe
  REQ-2-1-4.spec.ts:15:5 › REQ-2-1-4: pivot source cannot be deleted until its result worksheet is deleted
  REQ-2-1-4.spec.ts:23:5 › REQ-2-1-4: deletion removes complete sheet state and activates an adjacent survivor
  REQ-2-1-4.spec.ts:32:5 › REQ-2-1-4: context REQ-2-1-1: worksheet addition reuses first unused SheetN and appends in persisted order
  REQ-2-1-4.spec.ts:39:5 › REQ-2-1-4: context REQ-5-3-1: pivot naming reuses the first unused PivotN after a result sheet is deleted
  REQ-2-2-1.spec.ts:6:5 › REQ-2-2-1: seeded row insertion and deletion move complete records without editing prerequisites
  REQ-2-2-2.spec.ts:6:5 › REQ-2-2-2: seeded column insertion and deletion move complete records without editing prerequisites
  REQ-3-1-1.spec.ts:6:5 › REQ-3-1-1: grid and formula-bar edits commit on Enter or blur and Escape cancels
  REQ-3-1-1.spec.ts:14:5 › REQ-3-1-1: formula bar Escape cancels and grid blur commits without changing unrelated cells
  REQ-3-1-1.spec.ts:21:5 › REQ-3-1-1: failed cell save restores formula-bar input and keeps persisted cell; retry succeeds
  REQ-3-1-1.spec.ts:42:5 › REQ-3-1-1: context REQ-1-2-2: renaming is scoped to current workbook and updates refreshed home record
  REQ-3-1-1.spec.ts:51:5 › REQ-3-1-1: context REQ-1-3-1: import treats first row as data and strips only the final csv extension from the file name
  REQ-3-1-1.spec.ts:60:5 › REQ-3-1-1: context REQ-1-1-1: home/editor timestamp agrees with persisted renamed workbook and never loads another workbook
  REQ-3-1-1.spec.ts:69:5 › REQ-3-1-1: context REQ-1-1-1: edited workbook state is shared by saved address across independent browser sessions
  REQ-3-1-2.spec.ts:6:5 › REQ-3-1-2: plain paste clears middle and trailing empty fields and preserves outside cells
  REQ-3-1-2.spec.ts:13:5 › REQ-3-1-2: context REQ-2-2-1: row insert/delete moves complete records and persists
  REQ-3-1-2.spec.ts:21:5 › REQ-3-1-2: context REQ-2-2-1: insert below a populated anchor keeps the anchor row
  REQ-3-1-2.spec.ts:34:5 › REQ-3-1-2: context REQ-2-2-2: column insert/delete moves complete records and persists
  REQ-3-1-2.spec.ts:42:5 › REQ-3-1-2: context REQ-2-2-2: insert right of a populated anchor keeps the anchor column
  REQ-3-1-3.spec.ts:6:5 › REQ-3-1-3: drag replaces and persists the exact rectangular ARIA selection
  REQ-3-2-1.spec.ts:6:5 › REQ-3-2-1: plain copy preserves source and cut clears source only after target paste
  REQ-3-2-1.spec.ts:16:5 › REQ-3-2-1: overlapping cut preserves the complete target and only clears the uncovered source
  REQ-3-2-1.spec.ts:23:5 › REQ-3-2-1: external clipboard replacement after cut pastes new text and preserves the cut source
  REQ-3-2-2.spec.ts:6:5 › REQ-3-2-2: undo/redo restores complete operations and a new edit discards redo branch
  REQ-3-2-2.spec.ts:15:5 › REQ-3-2-2: undo state persists after reload and cannot modify a different saved workbook
  REQ-4-1-1.spec.ts:6:5 › REQ-4-1-1: formula =(2+3)*4-6/2 uses numeric cells and ignores blanks/text
  REQ-4-1-1.spec.ts:12:5 › REQ-4-1-1: formula =sUm(A1:A4) uses numeric cells and ignores blanks/text
  REQ-4-1-1.spec.ts:18:5 › REQ-4-1-1: formula =AVERAGE(A1:A4) uses numeric cells and ignores blanks/text
  REQ-4-1-1.spec.ts:24:5 › REQ-4-1-1: formula =COUNT(A1:A4) uses numeric cells and ignores blanks/text
  REQ-4-1-1.spec.ts:30:5 › REQ-4-1-1: formula =MIN(A1:A4) uses numeric cells and ignores blanks/text
  REQ-4-1-1.spec.ts:36:5 › REQ-4-1-1: formula =MAX(A1:A4) uses numeric cells and ignores blanks/text
  REQ-4-1-1.spec.ts:42:5 › REQ-4-1-1: MAX ignores blank cells rather than using zero when every numeric input is negative
  REQ-4-1-1.spec.ts:48:5 › REQ-4-1-1: context REQ-1-3-2: CSV downloads actual values with escaping and leaves active state intact
  REQ-4-1-1.spec.ts:59:5 › REQ-4-1-1: context REQ-2-2-1: insert below then delete referenced row adjusts original formulas
  REQ-4-1-1.spec.ts:66:5 › REQ-4-1-1: context REQ-2-2-2: insert right then delete source column adjusts formulas and invalid references
  REQ-4-1-1.spec.ts:73:5 › REQ-4-1-1: context REQ-3-1-2: paste rectangle through Ctrl+V preserves empties and outside cells
  REQ-4-1-1.spec.ts:80:5 › REQ-4-1-1: context REQ-3-1-2: paste rectangle through menu preserves empties and outside cells
  REQ-4-1-1.spec.ts:87:5 › REQ-4-1-1: context REQ-3-1-2: bulk paste recalculates outside dependent formulas without overwriting them
  REQ-4-1-1.spec.ts:92:5 › REQ-4-1-1: context REQ-3-2-1: cut rectangle clears every source only after all target values and formulas commit
  REQ-4-1-1.spec.ts:100:5 › REQ-4-1-1: context REQ-3-2-2: undo row structure restores formulas and redo result persists
  REQ-4-1-1.spec.ts:107:5 › REQ-4-1-1: context REQ-3-2-2: undo and redo a range cut restore both rectangles and original formulas as one operation
  REQ-4-1-2.spec.ts:6:5 › REQ-4-1-2: copy adjusts relative references, keeps absolute references and rejects out-of-bounds
  REQ-4-1-2.spec.ts:14:5 › REQ-4-1-2: context REQ-3-2-1: copy rectangle preserves every value, adjusted formula and outside data
  REQ-4-2-1.spec.ts:6:5 › REQ-4-2-1: direct and transitive dependent formulas update after edit and paste
  REQ-4-2-1.spec.ts:13:5 › REQ-4-2-1: successful range move recalculates formulas depending on target values in dependency order
  REQ-4-2-2.spec.ts:6:5 › REQ-4-2-2: =1/0 persists error, isolates other cells, then recovers
  REQ-4-2-2.spec.ts:13:5 › REQ-4-2-2: =#REF! persists error, isolates other cells, then recovers
  REQ-4-2-2.spec.ts:20:5 › REQ-4-2-2: =UNKNOWN(A1) persists error, isolates other cells, then recovers
  REQ-4-2-2.spec.ts:27:5 › REQ-4-2-2: =1+ persists error, isolates other cells, then recovers
  REQ-4-2-2.spec.ts:34:5 › REQ-4-2-2: =B1 persists error, isolates other cells, then recovers
  REQ-4-2-2.spec.ts:41:5 › REQ-4-2-2: indirect cycle reports stable reference error and recovers dependencies
  REQ-4-2-2.spec.ts:47:5 › REQ-4-2-2: a malformed formula does not block unrelated recalculation and fixing it recovers dependents
  REQ-4-2-2.spec.ts:54:5 › REQ-4-2-2: aggregate formula keeps a stable source error and recalculates after repair
  REQ-4-2-2.spec.ts:61:5 › REQ-4-2-2: a dependent formula preserves a malformed source error and recovers
  REQ-5-1-1.spec.ts:6:5 › REQ-5-1-1: Ascending sort moves complete records stably and preserves header/outside cells
  REQ-5-1-1.spec.ts:14:5 › REQ-5-1-1: Descending sort moves complete records stably and preserves header/outside cells
  REQ-5-1-1.spec.ts:22:5 › REQ-5-1-1: numeric sort moves whole records rather than lexical or single-column order
  REQ-5-1-1.spec.ts:27:5 › REQ-5-1-1: date keys sort chronologically with stable equal keys and intact full records
  REQ-5-1-1.spec.ts:34:5 › REQ-5-1-1: sorting moves formulas with records, adjusts their original references, and preserves validation/filter behavior
  REQ-5-1-1.spec.ts:43:5 › REQ-5-1-1: context REQ-3-1-3: reverse-direction drag replaces a saved rectangle and sorting uses only that rectangle
  REQ-5-1-2.spec.ts:6:5 › REQ-5-1-2: value filter hides rather than deletes, persists and export includes hidden records
  REQ-5-1-2.spec.ts:15:5 › REQ-5-1-2: conditions combine with AND and clearing preserves original data
  REQ-5-1-2.spec.ts:22:5 › REQ-5-1-2: condition Before persists exactly the matching rows and clearing restores originals
  REQ-5-1-2.spec.ts:29:5 › REQ-5-1-2: condition Is empty persists exactly the matching rows and clearing restores originals
  REQ-5-1-2.spec.ts:36:5 › REQ-5-1-2: condition Is not empty persists exactly the matching rows and clearing restores originals
  REQ-5-1-2.spec.ts:43:5 › REQ-5-1-2: context REQ-2-2-1: row insert/delete adjusts existing filter region without deleting or reordering hidden records
  REQ-5-1-2.spec.ts:51:5 › REQ-5-1-2: context REQ-2-2-2: column insertion/deletion moves filter headers and preserves conditions on original data
  REQ-5-2-1.spec.ts:6:5 › REQ-5-2-1: dropdown trims options and rejects invalid edits without changing saved value
  REQ-5-2-1.spec.ts:13:5 › REQ-5-2-1: inclusive numeric boundaries and rectangle rejection are atomic across reload
  REQ-5-2-1.spec.ts:20:5 › REQ-5-2-1: editing and deleting a validation rule closes dialog and preserves values
  REQ-5-2-1.spec.ts:28:5 › REQ-5-2-1: a reopened dropdown rule shows saved trimmed values and Delete rule removes dropdown constraint
  REQ-5-2-1.spec.ts:36:5 › REQ-5-2-1: numeric rule uses inclusive custom bounds and specific rejection text for grid and formula-bar entry
  REQ-5-2-1.spec.ts:43:5 › REQ-5-2-1: modifying a numeric rule immediately changes its persisted limits while preserving existing values
  REQ-5-2-1.spec.ts:56:5 › REQ-5-2-1: dropdown validation rejects grid and whole clipboard/move rectangles without clearing any source
  REQ-5-2-1.spec.ts:65:5 › REQ-5-2-1: context REQ-2-1-3: sheet rename preserves its slot, values, selection, rules and active state
  REQ-5-2-1.spec.ts:73:5 › REQ-5-2-1: context REQ-2-2-1: structure moves numeric validation with the original cell
  REQ-5-2-1.spec.ts:79:5 › REQ-5-2-1: context REQ-2-2-1: insertion moves dropdown and numeric rules with original values and leaves inserted cells unconstrained
  REQ-5-2-1.spec.ts:89:5 › REQ-5-2-1: context REQ-2-2-1: deleted row validation is removed rather than applied to the next surviving cell
  REQ-5-2-1.spec.ts:96:5 › REQ-5-2-1: context REQ-2-2-2: structure moves numeric validation with the original cell
  REQ-5-2-1.spec.ts:102:5 › REQ-5-2-1: context REQ-2-2-2: insertion moves dropdown and numeric rules with original values and leaves inserted cells unconstrained
  REQ-5-2-1.spec.ts:112:5 › REQ-5-2-1: context REQ-2-2-2: deleted column validation is removed rather than applied to the next surviving cell
  REQ-5-2-1.spec.ts:119:5 › REQ-5-2-1: context REQ-3-1-1: failed formula-bar commit retains original input and every dependent result
  REQ-5-2-1.spec.ts:126:5 › REQ-5-2-1: context REQ-3-1-2: invalid clipboard rectangle is rejected atomically through Ctrl+V
  REQ-5-2-1.spec.ts:133:5 › REQ-5-2-1: context REQ-3-1-2: invalid clipboard rectangle is rejected atomically through Paste menu
  REQ-5-2-1.spec.ts:140:5 › REQ-5-2-1: context REQ-3-2-1: rejected range cut preserves source and all validated target cells atomically
  REQ-5-2-1.spec.ts:145:5 › REQ-5-2-1: context REQ-3-2-1: rejected copy preserves every source/target formula and outside dependent calculation
  REQ-5-2-1.spec.ts:152:5 › REQ-5-2-1: context REQ-3-2-2: undo/redo row structure restores numeric rule ranges and last visible values
  REQ-5-2-1.spec.ts:160:5 › REQ-5-2-1: context REQ-3-2-2: undo/redo column structure restores numeric rule ranges and last visible values
  REQ-5-2-1.spec.ts:168:5 › REQ-5-2-1: context REQ-5-1-2: value filtering is scoped to the selected region and clearing preserves formula and validation behavior
  REQ-5-3-1.spec.ts:6:5 › REQ-5-3-1: SUM pivot orders groups by appearance and persists exact grand totals
  REQ-5-3-1.spec.ts:12:5 › REQ-5-3-1: COUNT pivot orders groups by appearance and persists exact grand totals
  REQ-5-3-1.spec.ts:18:5 › REQ-5-3-1: AVERAGE pivot orders groups by appearance and persists exact grand totals
  REQ-5-3-1.spec.ts:24:5 › REQ-5-3-1: column COUNT pivot displays empty combinations as zero and correct totals
  REQ-5-3-1.spec.ts:29:5 › REQ-5-3-1: source edits do not update pivot before refresh; refresh completely replaces result
  REQ-5-3-1.spec.ts:35:5 › REQ-5-3-1: deleted source field refuses refresh and preserves last successful pivot
  REQ-5-3-1.spec.ts:42:5 › REQ-5-3-1: SUM without numeric values rejects and preserves source and old result
  REQ-5-3-1.spec.ts:48:5 › REQ-5-3-1: COUNT includes nonnumeric nonempty records and blanks contribute zero
  REQ-5-3-1.spec.ts:53:5 › REQ-5-3-1: SUM ignores nonnumeric and blank value records without treating blanks as zero
  REQ-5-3-1.spec.ts:59:5 › REQ-5-3-1: AVERAGE ignores nonnumeric and blank value records without treating blanks as zero
  REQ-5-3-1.spec.ts:65:5 › REQ-5-3-1: column SUM aggregates numeric records in appearance order with exact row and column grand totals
  REQ-5-3-1.spec.ts:71:5 › REQ-5-3-1: column AVERAGE computes grand totals from source records rather than averaging group averages
  REQ-5-3-1.spec.ts:77:5 › REQ-5-3-1: SUM rejects a value field with no numbers and preserves both complete worksheets after reload
  REQ-5-3-1.spec.ts:84:5 › REQ-5-3-1: AVERAGE rejects a value field with no numbers and preserves both complete worksheets after reload
  REQ-5-3-1.spec.ts:91:5 › REQ-5-3-1: refresh replacement removes obsolete groups and totals after source records change
  REQ-5-3-1.spec.ts:98:5 › REQ-5-3-1: a deleted pivot field can be reselected and successful apply replaces the saved error-state result
  REQ-5-3-1.spec.ts:109:5 › REQ-5-3-1: undo and redo restore structural changes together with another sheet pivot source
  REQ-5-3-1.spec.ts:120:5 › REQ-5-3-1: context REQ-2-2-1: overlapping row changes adjust pivot source range and leave old results until explicit refresh
  REQ-5-3-1.spec.ts:129:5 › REQ-5-3-1: context REQ-2-2-2: pivot refresh tracks moved source headers after column insertion/deletion
  REQ-5-3-1.spec.ts:137:5 › REQ-5-3-1: context REQ-3-2-2: undo makes deleted pivot source fields valid again and preserves last result
  REQ-5-3-1.spec.ts:146:5 › REQ-5-3-1: context REQ-5-1-2: filtered-out source rows still contribute to pivot summary after reopening
  REQ-5-3-1.spec.ts:153:5 › REQ-5-3-1: context REQ-1-1-1: home reopening restores sheet order, formulas, filter, validation and pivot state together
  REQ-5-3-1.spec.ts:166:5 › REQ-5-3-1: context REQ-1-2-1: new workbook has no imported values, filter, validation or pivot from another workbook
  REQ-5-3-1.spec.ts:174:5 › REQ-5-3-1: context REQ-5-3-1: guide: validation, atomic paste, undo, filtered export and explicit pivot refresh preserve consistent state
Total: 131 tests in 24 files
